// Jest Snapshot v1, https://goo.gl/fbAQLP

exports[`Component: Footer renders properly 1`] = `
ShallowWrapper {
  "length": 1,
  Symbol(enzyme.__root__): [Circular],
  Symbol(enzyme.__unrendered__): <FooterView />,
  Symbol(enzyme.__renderer__): Object {
    "batchedUpdates": [Function],
    "getNode": [Function],
    "render": [Function],
    "simulateEvent": [Function],
    "unmount": [Function],
  },
  Symbol(enzyme.__node__): Object {
    "instance": null,
    "key": undefined,
    "nodeType": "host",
    "props": Object {
      "children": <div
        className="flex-row flex__space-around"
      >
        <div
          className="footer-item"
        >
          <center>
            <h2>
              More-Recipes
            </h2>
            <div>
              <a
                href="https://github.com/larrystone/BC-26-More-Recipes"
              >
                An Andela project
              </a>
            </div>
            <h5
              className="sub-title"
            >
              © 
              2018
               | Lawal Lanre (Larrystone)
            </h5>
          </center>
        </div>
      </div>,
      "className": "footer",
    },
    "ref": null,
    "rendered": Object {
      "instance": null,
      "key": undefined,
      "nodeType": "host",
      "props": Object {
        "children": <div
          className="footer-item"
        >
          <center>
            <h2>
              More-Recipes
            </h2>
            <div>
              <a
                href="https://github.com/larrystone/BC-26-More-Recipes"
              >
                An Andela project
              </a>
            </div>
            <h5
              className="sub-title"
            >
              © 
              2018
               | Lawal Lanre (Larrystone)
            </h5>
          </center>
        </div>,
        "className": "flex-row flex__space-around",
      },
      "ref": null,
      "rendered": Object {
        "instance": null,
        "key": undefined,
        "nodeType": "host",
        "props": Object {
          "children": <center>
            <h2>
              More-Recipes
            </h2>
            <div>
              <a
                href="https://github.com/larrystone/BC-26-More-Recipes"
              >
                An Andela project
              </a>
            </div>
            <h5
              className="sub-title"
            >
              © 
              2018
               | Lawal Lanre (Larrystone)
            </h5>
          </center>,
          "className": "footer-item",
        },
        "ref": null,
        "rendered": Object {
          "instance": null,
          "key": undefined,
          "nodeType": "host",
          "props": Object {
            "children": Array [
              <h2>
                More-Recipes
              </h2>,
              <div>
                <a
                  href="https://github.com/larrystone/BC-26-More-Recipes"
                >
                  An Andela project
                </a>
              </div>,
              <h5
                className="sub-title"
              >
                © 
                2018
                 | Lawal Lanre (Larrystone)
              </h5>,
            ],
          },
          "ref": null,
          "rendered": Array [
            Object {
              "instance": null,
              "key": undefined,
              "nodeType": "host",
              "props": Object {
                "children": "More-Recipes",
              },
              "ref": null,
              "rendered": "More-Recipes",
              "type": "h2",
            },
            Object {
              "instance": null,
              "key": undefined,
              "nodeType": "host",
              "props": Object {
                "children": <a
                  href="https://github.com/larrystone/BC-26-More-Recipes"
                >
                  An Andela project
                </a>,
              },
              "ref": null,
              "rendered": Object {
                "instance": null,
                "key": undefined,
                "nodeType": "host",
                "props": Object {
                  "children": "An Andela project",
                  "href": "https://github.com/larrystone/BC-26-More-Recipes",
                },
                "ref": null,
                "rendered": "An Andela project",
                "type": "a",
              },
              "type": "div",
            },
            Object {
              "instance": null,
              "key": undefined,
              "nodeType": "host",
              "props": Object {
                "children": Array [
                  "© ",
                  "2018",
                  " | Lawal Lanre (Larrystone)",
                ],
                "className": "sub-title",
              },
              "ref": null,
              "rendered": Array [
                "© ",
                "2018",
                " | Lawal Lanre (Larrystone)",
              ],
              "type": "h5",
            },
          ],
          "type": "center",
        },
        "type": "div",
      },
      "type": "div",
    },
    "type": "footer",
  },
  Symbol(enzyme.__nodes__): Array [
    Object {
      "instance": null,
      "key": undefined,
      "nodeType": "host",
      "props": Object {
        "children": <div
          className="flex-row flex__space-around"
        >
          <div
            className="footer-item"
          >
            <center>
              <h2>
                More-Recipes
              </h2>
              <div>
                <a
                  href="https://github.com/larrystone/BC-26-More-Recipes"
                >
                  An Andela project
                </a>
              </div>
              <h5
                className="sub-title"
              >
                © 
                2018
                 | Lawal Lanre (Larrystone)
              </h5>
            </center>
          </div>
        </div>,
        "className": "footer",
      },
      "ref": null,
      "rendered": Object {
        "instance": null,
        "key": undefined,
        "nodeType": "host",
        "props": Object {
          "children": <div
            className="footer-item"
          >
            <center>
              <h2>
                More-Recipes
              </h2>
              <div>
                <a
                  href="https://github.com/larrystone/BC-26-More-Recipes"
                >
                  An Andela project
                </a>
              </div>
              <h5
                className="sub-title"
              >
                © 
                2018
                 | Lawal Lanre (Larrystone)
              </h5>
            </center>
          </div>,
          "className": "flex-row flex__space-around",
        },
        "ref": null,
        "rendered": Object {
          "instance": null,
          "key": undefined,
          "nodeType": "host",
          "props": Object {
            "children": <center>
              <h2>
                More-Recipes
              </h2>
              <div>
                <a
                  href="https://github.com/larrystone/BC-26-More-Recipes"
                >
                  An Andela project
                </a>
              </div>
              <h5
                className="sub-title"
              >
                © 
                2018
                 | Lawal Lanre (Larrystone)
              </h5>
            </center>,
            "className": "footer-item",
          },
          "ref": null,
          "rendered": Object {
            "instance": null,
            "key": undefined,
            "nodeType": "host",
            "props": Object {
              "children": Array [
                <h2>
                  More-Recipes
                </h2>,
                <div>
                  <a
                    href="https://github.com/larrystone/BC-26-More-Recipes"
                  >
                    An Andela project
                  </a>
                </div>,
                <h5
                  className="sub-title"
                >
                  © 
                  2018
                   | Lawal Lanre (Larrystone)
                </h5>,
              ],
            },
            "ref": null,
            "rendered": Array [
              Object {
                "instance": null,
                "key": undefined,
                "nodeType": "host",
                "props": Object {
                  "children": "More-Recipes",
                },
                "ref": null,
                "rendered": "More-Recipes",
                "type": "h2",
              },
              Object {
                "instance": null,
                "key": undefined,
                "nodeType": "host",
                "props": Object {
                  "children": <a
                    href="https://github.com/larrystone/BC-26-More-Recipes"
                  >
                    An Andela project
                  </a>,
                },
                "ref": null,
                "rendered": Object {
                  "instance": null,
                  "key": undefined,
                  "nodeType": "host",
                  "props": Object {
                    "children": "An Andela project",
                    "href": "https://github.com/larrystone/BC-26-More-Recipes",
                  },
                  "ref": null,
                  "rendered": "An Andela project",
                  "type": "a",
                },
                "type": "div",
              },
              Object {
                "instance": null,
                "key": undefined,
                "nodeType": "host",
                "props": Object {
                  "children": Array [
                    "© ",
                    "2018",
                    " | Lawal Lanre (Larrystone)",
                  ],
                  "className": "sub-title",
                },
                "ref": null,
                "rendered": Array [
                  "© ",
                  "2018",
                  " | Lawal Lanre (Larrystone)",
                ],
                "type": "h5",
              },
            ],
            "type": "center",
          },
          "type": "div",
        },
        "type": "div",
      },
      "type": "footer",
    },
  ],
  Symbol(enzyme.__options__): Object {
    "adapter": ReactSixteenAdapter {
      "options": Object {
        "enableComponentDidUpdateOnSetState": true,
      },
    },
  },
}
`;
